[format]
program=abook
version=0.6.0pre2

[0]
name=Good Record
nick=good
notes=
email=good.record@gmail.com
